int main();
static void _cscout_dummy1(void) { _cscout_dummy1(); }
[INCLUDED]
