int main();
static void _cscout_dummy1(void) { _cscout_dummy1(); }
hello=a;
bigid=a;
main()
{
a[x] = b() ? ~c : d, 1;
a++ += +b;
a -= b---c->d;
a &= b && c & d;
a |= b || c | d;
}
