int main();
static void _cscout_dummy1(void) { _cscout_dummy1(); }
f(1 + f(1 + q[0])) 
