int main();
static void _cscout_dummy1(void) { _cscout_dummy1(); }
f(2 * (f(2 * (z))))
