int main();
static void _cscout_dummy1(void) { _cscout_dummy1(); }
The macro A is []
This  1  2  3  4  is missing
