int main();
static void _cscout_dummy1(void) { _cscout_dummy1(); }
outside 1
A is defined
outside 2
B is not defined
outside 3
