int main();
static void _cscout_dummy1(void) { _cscout_dummy1(); }
typedef int *INT[5];
foo()
{
INT i;
*i[2] = 4;
}
