int main();
static void _cscout_dummy1(void) { _cscout_dummy1(); }
void* a;
char b;
signed char c;
unsigned char d;
short e;
signed short f;
short int g;
signed short int h;
unsigned short i;
unsigned short int j;
int k;
signed l;
signed int m;
unsigned n;
unsigned int o;
long p;
signed long q;
long int r;
signed long int s;
unsigned long t;
unsigned long int u;
float v;
double w;
long double x;
int static y;
volatile int static z;
signed unsigned int err1;
short short err2;
int int err2;
