int main();
static void _cscout_dummy1(void) { _cscout_dummy1(); }
foo(){
3.14;
.45;
2.;
2e14;
2e-24;
2e+12;
.2e2;
}
