int main();
static void _cscout_dummy1(void) { _cscout_dummy1(); }
typedef int INT;
extern int j;
static int j;
static int j;
main(){}
extern int i;
extern int i;
foo()
{
int i;
i = 3;
while (foo()) {
int i;
i++;
}
i = 42;
}
int i;
