int main();
static void _cscout_dummy1(void) { _cscout_dummy1(); }
void __assert (const char *, int, const char *);
extern const unsigned char *_ctype_;
extern const short *_tolower_tab_;
extern const short *_toupper_tab_;
extern int isalnum (int);
extern int isalpha (int);
extern int iscntrl (int);
extern int isdigit (int);
extern int isgraph (int);
extern int islower (int);
extern int isprint (int);
extern int ispunct (int);
extern int isspace (int);
extern int isupper (int);
extern int isxdigit (int);
extern int tolower (int);
extern int toupper (int);
extern int errno;
struct lconv {
char *decimal_point;
char *thousands_sep;
char *grouping;
char *int_curr_symbol;
char *currency_symbol;
char *mon_decimal_point;
char *mon_thousands_sep;
char *mon_grouping;
char *positive_sign;
char *negative_sign;
char int_frac_digits;
char frac_digits;
char p_cs_precedes;
char p_sep_by_space;
char n_cs_precedes;
char n_sep_by_space;
char p_sign_posn;
char n_sign_posn;
};
struct lconv *localeconv (void);
char *setlocale (int, const char *);
extern char __infinity[];
extern double acos (double);
extern double asin (double);
extern double atan (double);
extern double atan2 (double, double);
extern double cos (double);
extern double sin (double);
extern double tan (double);
extern double cosh (double);
extern double sinh (double);
extern double tanh (double);
extern double exp (double);
extern double frexp (double, int *);
extern double ldexp (double, int);
extern double log (double);
extern double log10 (double);
extern double modf (double, double *);
extern double pow (double, double);
extern double sqrt (double);
extern double ceil (double);
extern double fabs (double);
extern double floor (double);
extern double fmod (double, double);
typedef long jmp_buf[42];
int setjmp (jmp_buf);
void longjmp(jmp_buf, int);
typedef int sig_atomic_t;
typedef void __sighandler_t (int);
int raise(int);
__sighandler_t *signal(int, __sighandler_t *);
typedef char *va_list;
typedef int ptrdiff_t;
typedef unsigned int size_t;
typedef int wchar_t;
typedef struct __sfpos {
long long _pos;  
} fpos_t;
struct __sbuf {
unsigned char *_base;
int _size;
};
typedef struct __sFILE {
unsigned char *_p;  
int _r;  
int _w;  
short _flags;  
short _file;  
struct __sbuf _bf;  
int _lbfsize;  
void *_cookie;  
int (*_close) (void *);
int (*_read) (void *, char *, int);
fpos_t (*_seek) (void *, fpos_t, int);
int (*_write) (void *, const char *, int);
struct __sbuf _ub;  
unsigned char *_up;  
int _ur;  
unsigned char _ubuf[3];  
unsigned char _nbuf[1];  
struct __sbuf _lb;  
int _blksize;  
fpos_t _offset;  
} FILE;
extern FILE __sF[];
void clearerr (FILE *);
int fclose (FILE *);
int feof (FILE *);
int ferror (FILE *);
int fflush (FILE *);
int fgetc (FILE *);
int fgetpos (FILE *, fpos_t *);
char *fgets (char *, int, FILE *);
FILE *fopen (const char *, const char *);
int fprintf (FILE *, const char *, ...);
int fputc (int, FILE *);
int fputs (const char *, FILE *);
size_t fread (void *, size_t, size_t, FILE *);
FILE *freopen (const char *, const char *, FILE *);
int fscanf (FILE *, const char *, ...);
int fseek (FILE *, long, int);
int fsetpos (FILE *, const fpos_t *);
long ftell (FILE *);
size_t fwrite (const void *, size_t, size_t, FILE *);
int getc (FILE *);
int getchar (void);
char *gets (char *);
void perror (const char *);
int printf (const char *, ...);
int putc (int, FILE *);
int putchar (int);
int puts (const char *);
int remove (const char *);
int rename (const char *, const char *);
void rewind (FILE *);
int scanf (const char *, ...);
void setbuf (FILE *, char *);
int setvbuf (FILE *, char *, int, size_t);
int sprintf (char *, const char *, ...);
int sscanf (const char *, const char *, ...);
FILE *tmpfile (void);
char *tmpnam (char *);
int ungetc (int, FILE *);
int vfprintf (FILE *, const char *, char *);
int vprintf (const char *, char *);
int vsprintf (char *, const char *, char *);
int __srget (FILE *);
int __svfscanf (FILE *, const char *, char *);
int __swbuf (int, FILE *);
void *memchr (const void *, int, size_t);
int memcmp (const void *, const void *, size_t);
void *memcpy (void *, const void *, size_t);
void *memmove (void *, const void *, size_t);
void *memset (void *, int, size_t);
char *strcat (char *, const char *);
char *strchr (const char *, int);
int strcmp (const char *, const char *);
int strcoll (const char *, const char *);
char *strcpy (char *, const char *);
size_t strcspn (const char *, const char *);
char *strerror (int);
size_t strlen (const char *);
char *strncat (char *, const char *, size_t);
int strncmp (const char *, const char *, size_t);
char *strncpy (char *, const char *, size_t);
char *strpbrk (const char *, const char *);
char *strrchr (const char *, int);
size_t strspn (const char *, const char *);
char *strstr (const char *, const char *);
char *strtok (char *, const char *);
char *strtok_r (char *, const char *, char **);
size_t strxfrm (char *, const char *, size_t);
typedef unsigned long clock_t;
typedef long time_t;
struct tm {
int tm_sec;  
int tm_min;  
int tm_hour;  
int tm_mday;  
int tm_mon;  
int tm_year;  
int tm_wday;  
int tm_yday;  
int tm_isdst;  
long tm_gmtoff;  
char *tm_zone;  
};
char *asctime (const struct tm *);
clock_t clock (void);
char *ctime (const time_t *);
double difftime (time_t, time_t);
struct tm *gmtime (const time_t *);
struct tm *localtime (const time_t *);
time_t mktime (struct tm *);
size_t strftime (char *, size_t, const char *, const struct tm *);
time_t time (time_t *);
main() 
{ 
printf("hello, world\n"); 
} 
