int main();
static void _cscout_dummy1(void) { _cscout_dummy1(); }
[ -  "hello" - ] A B C D E 
[2 -  "hello" - ] A B C D E 
[2 -  "hello" -  1] A B C D E 
[2 -  "hello" -  1, 2] A B C D E 
[2 -  "hello" -  1, 2, 3] A B C D E 
 A B C D E 
 A B C D E 
 A B C D E 
 A B C D E 
device_printf(sc->ciss_dev,  "unable to determine hardware type\n" );
newfoo(1, )
