int main();
static void _cscout_dummy1(void) { _cscout_dummy1(); }
G1: 12 :
G2:1:
G3:2:
G4: :
G5::
G6::
