int main();
static void _cscout_dummy1(void) { _cscout_dummy1(); }
enum a {a, b, c} k;
enum b {x, y, z} l;
main()
{
enum a q;
enum b qq;
q = a;
q = b;
qq = x;
}
