int main();
static void _cscout_dummy1(void) { _cscout_dummy1(); }
1 2 
a t 
