int main();
static void _cscout_dummy1(void) { _cscout_dummy1(); }
extern int in_cksum (struct mbuf *, int); 
