int main();
static void _cscout_dummy1(void) { _cscout_dummy1(); }
fprintf (stderr, "hello, no args", , last); 
fprintf (stderr, "hello, one arg %s",  "bye", last); 
fprintf (stderr, "hello, two args %d %s",  2, "bye", last); 
fprintf (stderr, "hello, no args", last); 
fprintf (stderr, "hello, one arg %s","bye", last); 
fprintf (stderr, "hello, two args %d %s",2, "bye", last); 
