int main();
static void _cscout_dummy1(void) { _cscout_dummy1(); }
char DRIVER_NAME_hello; 
