int main();
static void _cscout_dummy1(void) { _cscout_dummy1(); }
int j[] = { 123, 45, 67, 89 , 
10 , 11 , 12,   }; 
