int main();
static void _cscout_dummy1(void) { _cscout_dummy1(); }
42 
expandB+expandA()+expandB+A(Barg) 
expandA()+expandB+A(Aarg) 
