int main();
static void _cscout_dummy1(void) { _cscout_dummy1(); }
TEST PASSED: 9223372036854775807LL > 0x7fffffff 
TEST PASSED: 9223372036854775807ULL > 0x7fffffff 
